// Jest Snapshot v1, https://goo.gl/fbAQLP

exports[`renders matching snapshot 1`] = `
<form
  className="filters"
>
  <h2>
    Filters
  </h2>
  <div
    className="control"
  >
    <label
      htmlFor="sort-input"
    >
      Sort by: 
    </label>
    <select
      id="sort-input"
      name="sort"
      onChange={[Function]}
    >
      <option
        value="newest"
      >
        Newest
      </option>
      <option
        value="oldest"
      >
        Oldest
      </option>
      <option
        value="name"
      >
        Name (A-Z)
      </option>
      <option
        value="name-desc"
      >
        Name (Z-A)
      </option>
    </select>
  </div>
  <div
    className="control"
  >
    <label
      htmlFor="search-input"
    >
      Search mission name: 
    </label>
    <input
      id="search-input"
      name="search"
      onInput={[Function]}
    />
  </div>
</form>
`;
